{
 "label": "full_H16_PREMIUM",
 "tf": 60,
 "horizon": 16,
 "results": {
  "0.03": {
   "sharpe": -5.109404164970336,
   "total": -0.5096445639298864,
   "monthly": {
    "202601": -0.04452137235036513,
    "202602": -0.04104748546543598,
    "202603": -0.02921409860376463,
    "202604": 0.002385766094319908,
    "202605": 0.006024600490354483,
    "202606": -0.09414214741233996,
    "202607": -0.1366296269618337,
    "202608": -0.10459754588475602,
    "202609": -0.06790265383606545
   }
  },
  "0.06": {
   "sharpe": -4.033721607298146,
   "total": -0.38820990652808846,
   "monthly": {
    "202601": -0.039905704536837394,
    "202602": -0.02727732326481096,
    "202603": -0.01590355660857914,
    "202604": 0.0035272326354857013,
    "202605": 0.01614195087124724,
    "202606": -0.07577067204669571,
    "202607": -0.10475678350761664,
    "202608": -0.08253451341990248,
    "202609": -0.061730536650379086
   }
  },
  "0.1": {
   "sharpe": -2.2347154216929415,
   "total": -0.20075414304502937,
   "monthly": {
    "202601": -0.03841941226279001,
    "202602": -0.009066046902293621,
    "202603": -0.01408402023772868,
    "202604": 0.0224379464763286,
    "202605": 0.02437567975558309,
    "202606": -0.0495289484044702,
    "202607": -0.0631952571053418,
    "202608": -0.03901418729703269,
    "202609": -0.03425989706728403
   }
  },
  "0.15": {
   "sharpe": -1.9505312040462652,
   "total": -0.16556282641757986,
   "monthly": {
    "202601": -0.026508629570092996,
    "202602": -0.009643736776829732,
    "202603": -0.010932337932444115,
    "202604": 0.019349378984860104,
    "202605": 0.017369864003617036,
    "202606": 0.004853856615577311,
    "202607": -0.0774962118354455,
    "202608": -0.04023753878911672,
    "202609": -0.04231747111770526
   }
  },
  "0.2": {
   "sharpe": -0.23585057346714103,
   "total": -0.01669713207201838,
   "monthly": {
    "202601": -0.020237011364757373,
    "202602": -0.009148767159310843,
    "202603": 0.012778968938854593,
    "202604": 0.030210795042436196,
    "202605": 0.010338823650714172,
    "202606": 0.032483870042581665,
    "202607": -0.014046809353396394,
    "202608": -0.026082573117295917,
    "202609": -0.03299442875184447
   }
  }
 },
 "ic_mean": 0.006815895219573748,
 "ic_by_month": {
  "202601": 0.1917,
  "202603": 0.0237,
  "202604": -0.0627,
  "202605": -0.003,
  "202606": 0.0599,
  "202607": 0.0267,
  "202608": -0.1004
 },
 "seed": 20260925
}
