{
 "label": "dev_H16_ZERO",
 "tf": 60,
 "horizon": 16,
 "results": {
  "0.03": {
   "sharpe": 2.5337700097430007,
   "total": 0.13423383171111714,
   "monthly": {
    "202601": 0.0015072890108599017,
    "202602": 0.007783341753517152,
    "202603": 0.022797419335336654,
    "202604": 0.059231546146564173,
    "202605": 0.06812630412828459,
    "202606": -0.025212068663445348
   }
  },
  "0.06": {
   "sharpe": 2.5733770575773725,
   "total": 0.13457701442670275,
   "monthly": {
    "202601": 0.0022573150530740094,
    "202602": 0.014529130593751933,
    "202603": 0.028776903315362604,
    "202604": 0.048432714067018615,
    "202605": 0.0641440962154414,
    "202606": -0.02356314481794579
   }
  },
  "0.1": {
   "sharpe": 3.0186070409501355,
   "total": 0.15564811506494983,
   "monthly": {
    "202601": -0.0003762014508637769,
    "202602": 0.024656933562444076,
    "202603": 0.02271087678493835,
    "202604": 0.058287817695821816,
    "202605": 0.05988214212964244,
    "202606": -0.009513453657033074
   }
  },
  "0.15": {
   "sharpe": 3.30828234448278,
   "total": 0.15574935371032514,
   "monthly": {
    "202601": 0.004455546594551209,
    "202602": 0.016434111754279713,
    "202603": 0.017649410822602046,
    "202604": 0.0454854489743209,
    "202605": 0.041091973574323766,
    "202606": 0.030632861990247527
   }
  },
  "0.2": {
   "sharpe": 3.683446902769135,
   "total": 0.1623890987262796,
   "monthly": {
    "202601": 0.0005530909112438287,
    "202602": 0.007982912700655669,
    "202603": 0.032503463097103016,
    "202604": 0.04877651297806356,
    "202605": 0.025611105829967364,
    "202606": 0.04696201320924616
   }
  }
 },
 "ic_mean": 0.032668101751586985,
 "ic_by_month": {
  "202601": 0.1917,
  "202603": 0.0237,
  "202604": -0.0627,
  "202605": -0.003,
  "202606": 0.0599
 },
 "seed": 20260925
}
