{
 "label": "dev_H16_PREMIUM",
 "tf": 60,
 "horizon": 16,
 "results": {
  "0.03": {
   "sharpe": -3.915490183341668,
   "total": -0.2005147372472313,
   "monthly": {
    "202601": -0.04452137235036513,
    "202602": -0.04104748546543598,
    "202603": -0.02921409860376463,
    "202604": 0.002385766094319908,
    "202605": 0.006024600490354483,
    "202606": -0.09414214741233996
   }
  },
  "0.06": {
   "sharpe": -2.7283320024070505,
   "total": -0.13918807295019026,
   "monthly": {
    "202601": -0.039905704536837394,
    "202602": -0.02727732326481096,
    "202603": -0.01590355660857914,
    "202604": 0.0035272326354857013,
    "202605": 0.01614195087124724,
    "202606": -0.07577067204669571
   }
  },
  "0.1": {
   "sharpe": -1.2689164529423913,
   "total": -0.06428480157537085,
   "monthly": {
    "202601": -0.03841941226279001,
    "202602": -0.009066046902293621,
    "202603": -0.01408402023772868,
    "202604": 0.0224379464763286,
    "202605": 0.02437567975558309,
    "202606": -0.0495289484044702
   }
  },
  "0.15": {
   "sharpe": -0.11767058841736909,
   "total": -0.005511604675312391,
   "monthly": {
    "202601": -0.026508629570092996,
    "202602": -0.009643736776829732,
    "202603": -0.010932337932444115,
    "202604": 0.019349378984860104,
    "202605": 0.017369864003617036,
    "202606": 0.004853856615577311
   }
  },
  "0.2": {
   "sharpe": 1.273600427244183,
   "total": 0.05642667915051841,
   "monthly": {
    "202601": -0.020237011364757373,
    "202602": -0.009148767159310843,
    "202603": 0.012778968938854593,
    "202604": 0.030210795042436196,
    "202605": 0.010338823650714172,
    "202606": 0.032483870042581665
   }
  }
 },
 "ic_mean": 0.032668101751586985,
 "ic_by_month": {
  "202601": 0.1917,
  "202603": 0.0237,
  "202604": -0.0627,
  "202605": -0.003,
  "202606": 0.0599
 },
 "seed": 20260925
}
