/home/user/invest_strategy/scripts/deep/a05_persistence.py:54: RuntimeWarning: Mean of empty slice
  ens_oos_mean=np.nanmean(ens), ens_pos_months=int(np.sum(np.array(ens) > 0)))
             family  tf  cls  configs  ic_mean  ic_pos_months  top_minus_bottom  ens_oos_mean  ens_pos_months  ens_202601  ens_202602  ens_202603  ens_202604  ens_202605  ens_202606
155           R_RSI   1   EQ     3456    0.992              6           270.323      -103.102               0     -98.454     -90.390    -107.810    -107.993    -102.257    -111.709
157           R_RSI   2   EQ     3456    0.988              6           202.038       -73.601               0     -67.527     -63.735     -77.095     -77.907     -73.878     -81.466
401    U_SIGNED_VOL   1   EQ     2592    0.982              6           128.922       -57.435               0     -51.703     -51.646     -57.363     -60.375     -59.745     -63.781
275           T_HMA   1   EQ     1080    0.982              6           122.261       -45.655               0     -43.907     -42.025     -45.130     -46.906     -47.065     -48.896
383           U_OBV   1   EQ      432    0.981              6            95.836       -42.937               0     -39.188     -40.192     -42.456     -43.852     -44.439     -47.496
159           R_RSI   3   EQ     3456    0.981              6           153.429       -53.774               0     -47.925     -45.525     -56.021     -56.962     -54.811     -61.401
156           R_RSI   1  FUT     5184    0.979              6            99.970       -58.607               0     -56.661     -49.187     -63.997     -61.008     -58.560     -62.230
158           R_RSI   2  FUT     5184    0.978              6            93.178       -44.851               0     -42.716     -38.398     -48.140     -46.656     -45.077     -48.119
455     V_RANGE_EXP   1   EQ     1296    0.978              6           101.283       -40.040               0     -37.364     -35.989     -39.338     -41.514     -42.695     -43.341
21          M_ACCEL   1   EQ      864    0.977              6           107.130       -73.504               0     -75.597     -66.874     -70.698     -73.093     -76.160     -78.601
347    T_SUPERTREND   1   EQ     1944    0.977              6            87.233       -42.424               0     -38.478     -39.662     -41.911     -44.208     -44.119     -46.167
437      V_NR_BREAK   1   EQ      648    0.977              6           124.392       -51.620               0     -47.341     -46.794     -51.800     -54.702     -52.632     -56.451
75             R_BB   1   EQ     3456    0.974              6           126.163       -57.271               0     -52.223     -49.148     -59.082     -60.048     -58.149     -64.975
221         T_DONCH   1   EQ     1080    0.973              6            83.977       -46.194               0     -40.477     -43.209     -46.670     -48.075     -48.047     -50.687
57          M_TSMOM   1   EQ     3888    0.972              6            89.979       -33.874               0     -31.437     -31.216     -32.890     -35.373     -35.430     -36.896
239    T_DONCH_STOP   1   EQ     1080    0.971              6            97.706       -49.635               0     -44.075     -47.149     -50.146     -51.764     -50.816     -53.862
93       R_BB_LIMIT   1   EQ     1944    0.971              6            86.222       -64.091               0     -55.756     -52.095     -66.226     -69.188     -65.213     -76.070
439      V_NR_BREAK   2   EQ      648    0.970              6            90.405       -34.137               0     -30.103     -32.275     -34.346     -36.527     -34.878     -36.691
365  U_BAR_PRESSURE   1   EQ      864    0.968              6           113.152       -68.101               0     -66.642     -64.694     -63.534     -70.174     -74.526     -69.036
160           R_RSI   3  FUT     5184    0.967              6            82.177       -35.882               0     -35.023     -30.834     -38.672     -36.743     -35.472     -38.545
329      T_PRICE_MA   1   EQ     2160    0.966              6            80.212       -49.351               0     -52.882     -45.429     -45.711     -47.381     -52.619     -52.082
402    U_SIGNED_VOL   1  FUT     3888    0.965              6            78.360       -38.149               0     -35.429     -34.417     -39.682     -40.381     -38.018     -40.970
403    U_SIGNED_VOL   2   EQ     2592    0.965              6            85.452       -34.160               0     -30.648     -30.628     -34.232     -36.111     -35.813     -37.524
161           R_RSI   5   EQ     3456    0.963              6            98.346       -34.305               0     -32.226     -29.435     -36.088     -35.631     -34.950     -37.500
385           U_OBV   2   EQ      432    0.962              6            61.664       -26.917               0     -24.552     -25.495     -26.660     -27.738     -28.196     -28.857
94       R_BB_LIMIT   1  FUT     2916    0.962              6            74.254       -51.110               0     -47.618     -42.482     -56.578     -53.662     -50.985     -55.337
137        R_MA_DEV   1   EQ     1944    0.960              6           112.223       -58.480               0     -53.409     -50.705     -59.183     -61.141     -61.136     -65.307
276           T_HMA   1  FUT     1620    0.960              6            80.085       -32.078               0     -29.123     -30.026     -33.133     -34.046     -31.473     -34.665
95       R_BB_LIMIT   2   EQ     1944    0.960              6            70.873       -43.157               0     -36.312     -34.824     -44.598     -46.456     -44.346     -52.407
23          M_ACCEL   2   EQ      864    0.959              6            68.237       -49.141               0     -50.443     -44.722     -46.477     -49.112     -51.591     -52.498
277           T_HMA   2   EQ     1080    0.959              6            78.230       -28.109               0     -26.997     -26.124     -27.235     -29.169     -29.410     -29.721
441      V_NR_BREAK   3   EQ      648    0.958              6            69.476       -25.127               0     -22.099     -23.727     -25.106     -26.993     -25.630     -27.208
39       M_ROC_VOTE   1   EQ     1728    0.958              6            76.845       -52.488               0     -53.061     -49.197     -49.367     -51.744     -55.220     -56.340
384           U_OBV   1  FUT      648    0.957              6            69.374       -30.920               0     -28.099     -29.736     -32.138     -31.860     -30.156     -33.530
367  U_BAR_PRESSURE   2   EQ      864    0.955              6            80.958       -40.833               0     -40.869     -40.215     -36.650     -41.526     -44.636     -41.105
240    T_DONCH_STOP   1  FUT     1620    0.955              6            71.301       -38.606               0     -34.274     -37.669     -39.754     -40.992     -37.271     -41.676
203           T_ADX   1   EQ     1296    0.954              6            63.238       -42.410               0     -38.349     -38.616     -44.093     -45.653     -43.102     -44.648
76             R_BB   1  FUT     5184    0.954              6            78.173       -39.126               0     -36.433     -33.467     -42.854     -41.081     -38.899     -42.023
349    T_SUPERTREND   2   EQ     1944    0.953              6            52.278       -25.022               0     -22.585     -24.218     -24.749     -26.269     -25.843     -26.467
257         T_EMA_X   1   EQ     3672    0.953              6            62.298       -26.123               0     -26.256     -24.192     -25.209     -26.100     -28.170     -26.810
             family    tf  cls  configs  ic_mean  ic_pos_months  top_minus_bottom  ens_oos_mean  ens_pos_months  ens_202601  ens_202602  ens_202603  ens_202604  ens_202605  ens_202606
328           T_MTF  1440  FUT     2592    0.169              4            12.496         3.644               3         NaN         NaN       6.793      -1.919       2.786       6.917
56       M_ROC_VOTE  1440  FUT     2592    0.107              4             7.010         2.435               4       4.616      -0.910       2.814      -0.739       3.016       5.811
38          M_ACCEL  1440  FUT     1296    0.037              4             0.165         1.974               4       2.259      -1.496       4.605       1.935      -0.330       4.871
310       T_KELTNER  1440  FUT     2916    0.092              3             2.844         1.716               5       1.638      -0.149       1.763       0.359       1.544       5.143
220           T_ADX  1440  FUT     1944    0.075              4             1.880         1.647               6       1.393       0.216       2.633       1.279       1.597       2.761
256    T_DONCH_STOP  1440  FUT     1620    0.073              4             0.610         1.285               4       1.319      -0.749       1.666      -0.491       1.234       4.729
74          M_TSMOM  1440  FUT     5832    0.016              3             0.606         1.268               4       1.919      -0.430       0.660      -0.242       1.128       4.575
238         T_DONCH  1440  FUT     1620    0.030              2             1.080         1.215               4       1.067      -0.890       1.410      -0.160       1.694       4.170
0           C_CARRY  1440  FUT      162    0.106              4            -0.625         1.194               3      -0.568      -0.037      -2.785       2.934       3.172       4.448
364    T_SUPERTREND  1440  FUT     2916   -0.002              3            -0.146         1.036               5       0.777      -0.321       0.169       0.349       0.932       4.313
400           U_OBV  1440  FUT      648    0.071              4             0.530         0.984               5       0.571      -0.772       0.982       0.277       0.801       4.042
274         T_EMA_X  1440  FUT     5508    0.131              4             0.649         0.893               6       0.554       0.145       0.504       0.391       1.133       2.632
292           T_HMA  1440  FUT     1620    0.025              3             0.305         0.844               5       0.469      -1.541       1.979       0.466       0.141       3.551
346      T_PRICE_MA  1440  FUT     3240    0.226              4             3.165         0.839               5       0.057      -0.374       0.029       1.182       1.024       3.117
382  U_BAR_PRESSURE  1440  FUT     1296    0.045              3             0.334         0.565               4       0.095       0.701      -0.543       1.498      -0.653       2.291
454      V_NR_BREAK  1440  FUT      972    0.015              2             0.181         0.521               3       1.538      -0.996      -0.164      -0.601       0.797       2.549
506       V_SQUEEZE    60  FUT     2592    0.068              3            -0.279         0.471               4      -0.874      -3.101       2.778       1.304       0.958       1.762
436     U_VOL_BREAK  1440  FUT     1296   -0.045              2            -0.785         0.283               2         NaN         NaN      -3.689      -0.769       0.990       4.601
488  V_REGIME_TREND    60  FUT     1944    0.150              5             4.664         0.216               3         NaN      -4.681       0.437       1.431      -0.503       4.394
504       V_SQUEEZE    30  FUT     2592    0.005              3            -0.448         0.205               4       1.008      -2.654       2.348       0.375      -1.083       1.236
472     V_RANGE_EXP  1440  FUT     1944    0.157              5             3.703         0.164               5       0.397      -0.260       0.039       0.164       0.276       0.366
418    U_SIGNED_VOL  1440  FUT     3888   -0.036              2             0.219         0.049               2       0.094      -0.156      -0.195      -0.040      -0.100       0.689
236         T_DONCH    60  FUT     1620    0.099              6             2.196         0.047               2      -0.362      -2.702       1.887      -1.135      -0.782       3.373
128       R_EXTREME  1440  FUT     3888   -0.145              1            -2.528         0.021               1         NaN         NaN         NaN       3.949      -1.452      -2.433
326           T_MTF    60  FUT     2592    0.163              6             3.602        -0.149               3       0.262      -3.311       0.267      -1.243      -1.294       4.428
272         T_EMA_X    60  FUT     5508    0.076              4             1.401        -0.164               2      -0.783      -2.406       0.630      -0.040      -0.417       2.032
434     U_VOL_BREAK    60  FUT     1296    0.047              5             0.225        -0.177               1      -0.382      -2.579      -0.046      -1.393      -0.591       3.932
308       T_KELTNER    60  FUT     2916    0.058              4             0.541        -0.214               2      -0.493      -2.742       0.757      -1.413      -0.805       3.411
487  V_REGIME_TREND    60   EQ     1296    0.139              4             4.632        -0.306               2         NaN      -2.898      -0.108       1.484      -1.638       1.631
54       M_ROC_VOTE    60  FUT     2592    0.092              5             1.143        -0.368               2      -0.587      -3.175       1.498      -1.330      -2.055       3.443
