{"code": "GAZP", "tf": 15, "n": 4200, "sec": 2.0, "errors": 0}
{"code": "ROSN", "tf": 15, "n": 4200, "sec": 2.1, "errors": 0}
{"code": "SBER", "tf": 15, "n": 4200, "sec": 2.2, "errors": 0}
{"code": "LKOH", "tf": 15, "n": 4200, "sec": 2.2, "errors": 0}
{"code": "GMKN", "tf": 15, "n": 4200, "sec": 1.3, "errors": 0}
{"code": "NVTK", "tf": 15, "n": 4200, "sec": 1.3, "errors": 0}
{"code": "TATN", "tf": 15, "n": 4200, "sec": 1.3, "errors": 0}
{"code": "MGNT", "tf": 15, "n": 4200, "sec": 1.4, "errors": 0}
{"code": "VTBR", "tf": 15, "n": 4200, "sec": 1.4, "errors": 0}
{"code": "PLZL", "tf": 15, "n": 4200, "sec": 1.4, "errors": 0}
{"code": "ALRS", "tf": 15, "n": 4200, "sec": 1.5, "errors": 0}
{"code": "AFLT", "tf": 15, "n": 4200, "sec": 1.3, "errors": 0}
{"code": "SBER", "tf": 30, "n": 3978, "sec": 0.9, "errors": 0}
{"code": "GAZP", "tf": 30, "n": 3978, "sec": 0.8, "errors": 0}
{"code": "LKOH", "tf": 30, "n": 3978, "sec": 0.8, "errors": 0}
{"code": "ROSN", "tf": 30, "n": 3978, "sec": 0.8, "errors": 0}
{"code": "NVTK", "tf": 30, "n": 3978, "sec": 0.8, "errors": 0}
{"code": "GMKN", "tf": 30, "n": 3978, "sec": 0.8, "errors": 0}
{"code": "TATN", "tf": 30, "n": 3978, "sec": 0.8, "errors": 0}
{"code": "MGNT", "tf": 30, "n": 3978, "sec": 0.8, "errors": 0}
{"code": "VTBR", "tf": 30, "n": 3978, "sec": 0.8, "errors": 0}
{"code": "PLZL", "tf": 30, "n": 3978, "sec": 0.8, "errors": 0}
{"code": "ALRS", "tf": 30, "n": 3978, "sec": 0.7, "errors": 0}
{"code": "AFLT", "tf": 30, "n": 3978, "sec": 0.8, "errors": 0}
{"code": "SBER", "tf": 60, "n": 3948, "sec": 0.6, "errors": 0}
{"code": "GAZP", "tf": 60, "n": 3948, "sec": 0.6, "errors": 0}
{"code": "LKOH", "tf": 60, "n": 3948, "sec": 0.6, "errors": 0}
{"code": "ROSN", "tf": 60, "n": 3948, "sec": 0.6, "errors": 0}
{"code": "NVTK", "tf": 60, "n": 3948, "sec": 0.6, "errors": 0}
{"code": "GMKN", "tf": 60, "n": 3948, "sec": 0.6, "errors": 0}
{"code": "TATN", "tf": 60, "n": 3948, "sec": 0.6, "errors": 0}
{"code": "MGNT", "tf": 60, "n": 3948, "sec": 0.6, "errors": 0}
{"code": "PLZL", "tf": 60, "n": 3948, "sec": 0.6, "errors": 0}
{"code": "VTBR", "tf": 60, "n": 3948, "sec": 0.6, "errors": 0}
{"code": "ALRS", "tf": 60, "n": 3948, "sec": 0.6, "errors": 0}
{"code": "AFLT", "tf": 60, "n": 3948, "sec": 0.6, "errors": 0}
{"code": "GAZP", "tf": 1440, "n": 3818, "sec": 0.4, "errors": 0}
{"code": "SBER", "tf": 1440, "n": 3818, "sec": 0.5, "errors": 0}
{"code": "LKOH", "tf": 1440, "n": 3818, "sec": 0.4, "errors": 0}
{"code": "ROSN", "tf": 1440, "n": 3818, "sec": 0.4, "errors": 0}
{"code": "GMKN", "tf": 1440, "n": 3818, "sec": 0.5, "errors": 0}
{"code": "NVTK", "tf": 1440, "n": 3818, "sec": 0.5, "errors": 0}
{"code": "TATN", "tf": 1440, "n": 3818, "sec": 0.5, "errors": 0}
{"code": "MGNT", "tf": 1440, "n": 3818, "sec": 0.5, "errors": 0}
{"code": "PLZL", "tf": 1440, "n": 3818, "sec": 0.4, "errors": 0}
{"code": "VTBR", "tf": 1440, "n": 3818, "sec": 0.4, "errors": 0}
{"code": "ALRS", "tf": 1440, "n": 3818, "sec": 0.4, "errors": 0}
{"code": "AFLT", "tf": 1440, "n": 3818, "sec": 0.4, "errors": 0}
