{"code": "Si", "tf": 5, "n": 8070, "sec": 4.7, "errors": 0}
{"code": "CR", "tf": 5, "n": 8070, "sec": 4.8, "errors": 0}
{"code": "RI", "tf": 5, "n": 8070, "sec": 4.8, "errors": 0}
{"code": "GD", "tf": 5, "n": 8070, "sec": 4.0, "errors": 0}
{"code": "MX", "tf": 5, "n": 8070, "sec": 4.1, "errors": 0}
{"code": "BR", "tf": 5, "n": 8070, "sec": 4.1, "errors": 0}
{"code": "RN", "tf": 5, "n": 8070, "sec": 3.7, "errors": 0}
{"code": "GZ", "tf": 5, "n": 8070, "sec": 4.0, "errors": 0}
{"code": "SR", "tf": 5, "n": 8070, "sec": 4.3, "errors": 0}
{"code": "SBER", "tf": 5, "n": 4200, "sec": 2.9, "errors": 0}
{"code": "GAZP", "tf": 5, "n": 4200, "sec": 2.9, "errors": 0}
{"code": "LKOH", "tf": 5, "n": 4200, "sec": 2.8, "errors": 0}
{"code": "ROSN", "tf": 5, "n": 4200, "sec": 3.0, "errors": 0}
{"code": "GMKN", "tf": 5, "n": 4200, "sec": 3.0, "errors": 0}
{"code": "NVTK", "tf": 5, "n": 4200, "sec": 2.9, "errors": 0}
{"code": "TATN", "tf": 5, "n": 4200, "sec": 3.0, "errors": 0}
{"code": "MGNT", "tf": 5, "n": 4200, "sec": 3.1, "errors": 0}
{"code": "PLZL", "tf": 5, "n": 4200, "sec": 3.1, "errors": 0}
{"code": "VTBR", "tf": 5, "n": 4200, "sec": 3.1, "errors": 0}
{"code": "ALRS", "tf": 5, "n": 4200, "sec": 3.0, "errors": 0}
{"code": "AFLT", "tf": 5, "n": 4200, "sec": 3.0, "errors": 0}
{"code": "Si", "tf": 15, "n": 8070, "sec": 2.1, "errors": 0}
{"code": "CR", "tf": 15, "n": 8070, "sec": 2.0, "errors": 0}
{"code": "RI", "tf": 15, "n": 8070, "sec": 1.9, "errors": 0}
{"code": "MX", "tf": 15, "n": 8070, "sec": 2.1, "errors": 0}
{"code": "BR", "tf": 15, "n": 8070, "sec": 2.1, "errors": 0}
{"code": "GD", "tf": 15, "n": 8070, "sec": 2.1, "errors": 0}
{"code": "SR", "tf": 15, "n": 8070, "sec": 1.8, "errors": 0}
{"code": "GZ", "tf": 15, "n": 8070, "sec": 1.9, "errors": 0}
{"code": "RN", "tf": 15, "n": 8070, "sec": 2.0, "errors": 0}
{"code": "SBER", "tf": 15, "n": 4200, "sec": 1.2, "errors": 0}
{"code": "GAZP", "tf": 15, "n": 4200, "sec": 1.3, "errors": 0}
{"code": "LKOH", "tf": 15, "n": 4200, "sec": 1.4, "errors": 0}
{"code": "ROSN", "tf": 15, "n": 4200, "sec": 1.2, "errors": 0}
{"code": "GMKN", "tf": 15, "n": 4200, "sec": 1.3, "errors": 0}
{"code": "NVTK", "tf": 15, "n": 4200, "sec": 1.4, "errors": 0}
{"code": "TATN", "tf": 15, "n": 4200, "sec": 1.3, "errors": 0}
{"code": "MGNT", "tf": 15, "n": 4200, "sec": 1.3, "errors": 0}
{"code": "PLZL", "tf": 15, "n": 4200, "sec": 1.3, "errors": 0}
{"code": "VTBR", "tf": 15, "n": 4200, "sec": 1.3, "errors": 0}
{"code": "ALRS", "tf": 15, "n": 4200, "sec": 1.2, "errors": 0}
{"code": "AFLT", "tf": 15, "n": 4200, "sec": 1.2, "errors": 0}
{"code": "Si", "tf": 60, "n": 7818, "sec": 1.0, "errors": 0}
{"code": "CR", "tf": 60, "n": 7818, "sec": 1.0, "errors": 0}
{"code": "RI", "tf": 60, "n": 7818, "sec": 1.0, "errors": 0}
{"code": "MX", "tf": 60, "n": 7818, "sec": 1.1, "errors": 0}
{"code": "BR", "tf": 60, "n": 7818, "sec": 1.1, "errors": 0}
{"code": "GD", "tf": 60, "n": 7818, "sec": 1.1, "errors": 0}
{"code": "SR", "tf": 60, "n": 7818, "sec": 1.1, "errors": 0}
{"code": "GZ", "tf": 60, "n": 7818, "sec": 1.2, "errors": 0}
{"code": "RN", "tf": 60, "n": 7818, "sec": 1.0, "errors": 0}
{"code": "SBER", "tf": 60, "n": 3948, "sec": 0.6, "errors": 0}
{"code": "GAZP", "tf": 60, "n": 3948, "sec": 0.6, "errors": 0}
{"code": "LKOH", "tf": 60, "n": 3948, "sec": 0.7, "errors": 0}
{"code": "ROSN", "tf": 60, "n": 3948, "sec": 0.7, "errors": 0}
{"code": "GMKN", "tf": 60, "n": 3948, "sec": 0.7, "errors": 0}
{"code": "NVTK", "tf": 60, "n": 3948, "sec": 0.7, "errors": 0}
{"code": "TATN", "tf": 60, "n": 3948, "sec": 0.7, "errors": 0}
{"code": "MGNT", "tf": 60, "n": 3948, "sec": 0.7, "errors": 0}
{"code": "PLZL", "tf": 60, "n": 3948, "sec": 0.6, "errors": 0}
{"code": "VTBR", "tf": 60, "n": 3948, "sec": 0.6, "errors": 0}
{"code": "ALRS", "tf": 60, "n": 3948, "sec": 0.6, "errors": 0}
{"code": "AFLT", "tf": 60, "n": 3948, "sec": 0.6, "errors": 0}
{"code": "Si", "tf": 1440, "n": 7634, "sec": 0.7, "errors": 0}
{"code": "CR", "tf": 1440, "n": 7634, "sec": 0.7, "errors": 0}
{"code": "RI", "tf": 1440, "n": 7634, "sec": 0.6, "errors": 0}
{"code": "MX", "tf": 1440, "n": 7634, "sec": 0.7, "errors": 0}
{"code": "BR", "tf": 1440, "n": 7634, "sec": 0.6, "errors": 0}
{"code": "GD", "tf": 1440, "n": 7634, "sec": 0.8, "errors": 0}
{"code": "SR", "tf": 1440, "n": 7634, "sec": 0.7, "errors": 0}
{"code": "SBER", "tf": 1440, "n": 3818, "sec": 0.3, "errors": 0}
{"code": "GZ", "tf": 1440, "n": 7634, "sec": 0.7, "errors": 0}
{"code": "RN", "tf": 1440, "n": 7634, "sec": 0.6, "errors": 0}
{"code": "GAZP", "tf": 1440, "n": 3818, "sec": 0.3, "errors": 0}
{"code": "LKOH", "tf": 1440, "n": 3818, "sec": 0.3, "errors": 0}
{"code": "ROSN", "tf": 1440, "n": 3818, "sec": 0.3, "errors": 0}
{"code": "GMKN", "tf": 1440, "n": 3818, "sec": 0.4, "errors": 0}
{"code": "NVTK", "tf": 1440, "n": 3818, "sec": 0.3, "errors": 0}
{"code": "TATN", "tf": 1440, "n": 3818, "sec": 0.3, "errors": 0}
{"code": "MGNT", "tf": 1440, "n": 3818, "sec": 0.3, "errors": 0}
{"code": "PLZL", "tf": 1440, "n": 3818, "sec": 0.3, "errors": 0}
{"code": "VTBR", "tf": 1440, "n": 3818, "sec": 0.3, "errors": 0}
{"code": "ALRS", "tf": 1440, "n": 3818, "sec": 0.3, "errors": 0}
{"code": "AFLT", "tf": 1440, "n": 3818, "sec": 0.4, "errors": 0}
