{"code": "Si", "tf": 5, "n": 576, "sec": 3.6}
{"code": "MX", "tf": 5, "n": 576, "sec": 3.9}
{"code": "RI", "tf": 5, "n": 576, "sec": 4.1}
{"code": "CR", "tf": 5, "n": 672, "sec": 4.4}
{"code": "BR", "tf": 5, "n": 576, "sec": 2.4}
{"code": "SR", "tf": 5, "n": 576, "sec": 2.1}
{"code": "GD", "tf": 5, "n": 576, "sec": 2.5}
{"code": "GZ", "tf": 5, "n": 672, "sec": 2.8}
{"code": "RN", "tf": 5, "n": 672, "sec": 2.4}
{"code": "SBER", "tf": 5, "n": 576, "sec": 2.4}
{"code": "GAZP", "tf": 5, "n": 672, "sec": 2.9}
{"code": "LKOH", "tf": 5, "n": 672, "sec": 2.7}
{"code": "ROSN", "tf": 5, "n": 672, "sec": 2.8}
{"code": "GMKN", "tf": 5, "n": 672, "sec": 2.9}
{"code": "NVTK", "tf": 5, "n": 672, "sec": 2.7}
{"code": "TATN", "tf": 5, "n": 672, "sec": 2.5}
{"code": "PLZL", "tf": 5, "n": 672, "sec": 2.4}
{"code": "MGNT", "tf": 5, "n": 672, "sec": 2.7}
{"code": "VTBR", "tf": 5, "n": 672, "sec": 2.9}
{"code": "Si", "tf": 15, "n": 576, "sec": 1.1}
{"code": "ALRS", "tf": 5, "n": 672, "sec": 3.0}
{"code": "CR", "tf": 15, "n": 672, "sec": 1.0}
{"code": "RI", "tf": 15, "n": 576, "sec": 1.2}
{"code": "MX", "tf": 15, "n": 576, "sec": 1.1}
{"code": "AFLT", "tf": 5, "n": 672, "sec": 2.6}
{"code": "BR", "tf": 15, "n": 576, "sec": 1.4}
{"code": "GD", "tf": 15, "n": 576, "sec": 1.0}
{"code": "SR", "tf": 15, "n": 576, "sec": 0.9}
{"code": "GZ", "tf": 15, "n": 672, "sec": 1.3}
{"code": "SBER", "tf": 15, "n": 576, "sec": 0.9}
{"code": "RN", "tf": 15, "n": 672, "sec": 1.1}
{"code": "GAZP", "tf": 15, "n": 672, "sec": 1.5}
{"code": "ROSN", "tf": 15, "n": 672, "sec": 0.9}
{"code": "GMKN", "tf": 15, "n": 672, "sec": 1.0}
{"code": "LKOH", "tf": 15, "n": 672, "sec": 1.5}
{"code": "TATN", "tf": 15, "n": 672, "sec": 1.1}
{"code": "MGNT", "tf": 15, "n": 672, "sec": 1.1}
{"code": "NVTK", "tf": 15, "n": 672, "sec": 1.5}
{"code": "PLZL", "tf": 15, "n": 672, "sec": 1.0}
{"code": "VTBR", "tf": 15, "n": 672, "sec": 1.0}
{"code": "Si", "tf": 60, "n": 576, "sec": 0.8}
{"code": "ALRS", "tf": 15, "n": 672, "sec": 1.0}
{"code": "AFLT", "tf": 15, "n": 672, "sec": 1.2}
{"code": "RI", "tf": 60, "n": 576, "sec": 0.5}
{"code": "CR", "tf": 60, "n": 672, "sec": 0.6}
{"code": "MX", "tf": 60, "n": 576, "sec": 0.6}
{"code": "SR", "tf": 60, "n": 576, "sec": 0.5}
{"code": "BR", "tf": 60, "n": 576, "sec": 0.7}
{"code": "GD", "tf": 60, "n": 576, "sec": 0.6}
{"code": "GZ", "tf": 60, "n": 672, "sec": 0.4}
{"code": "RN", "tf": 60, "n": 672, "sec": 0.5}
{"code": "LKOH", "tf": 60, "n": 672, "sec": 0.6}
{"code": "GAZP", "tf": 60, "n": 672, "sec": 0.6}
{"code": "SBER", "tf": 60, "n": 576, "sec": 0.7}
{"code": "ROSN", "tf": 60, "n": 672, "sec": 0.4}
{"code": "GMKN", "tf": 60, "n": 672, "sec": 0.4}
{"code": "NVTK", "tf": 60, "n": 672, "sec": 0.4}
{"code": "TATN", "tf": 60, "n": 672, "sec": 0.4}
{"code": "MGNT", "tf": 60, "n": 672, "sec": 0.4}
{"code": "PLZL", "tf": 60, "n": 672, "sec": 0.4}
{"code": "VTBR", "tf": 60, "n": 672, "sec": 0.4}
{"code": "ALRS", "tf": 60, "n": 672, "sec": 0.4}
{"code": "AFLT", "tf": 60, "n": 672, "sec": 0.4}
{"pair": "Si-CR", "tf": 5, "n": 36, "sec": 0.6}
{"pair": "MX-RI", "tf": 5, "n": 36, "sec": 0.6}
{"pair": "SBER-SR", "tf": 5, "n": 36, "sec": 0.6}
{"pair": "GAZP-GZ", "tf": 5, "n": 36, "sec": 0.6}
{"pair": "BR-RN", "tf": 5, "n": 36, "sec": 0.6}
{"pair": "ROSN-RN", "tf": 5, "n": 36, "sec": 0.6}
{"pair": "LKOH-ROSN", "tf": 5, "n": 36, "sec": 0.7}
{"pair": "ROSN-TATN", "tf": 5, "n": 36, "sec": 0.7}
{"pair": "GD-PLZL", "tf": 5, "n": 36, "sec": 0.6}
{"pair": "SBER-VTBR", "tf": 5, "n": 36, "sec": 0.6}
{"pair": "MX-SBER", "tf": 5, "n": 36, "sec": 0.6}
{"pair": "MX-LKOH", "tf": 5, "n": 36, "sec": 0.6}
{"pair": "MX-GAZP", "tf": 5, "n": 36, "sec": 0.6}
{"pair": "NVTK-GAZP", "tf": 5, "n": 36, "sec": 0.6}
{"pair": "GMKN-ALRS", "tf": 5, "n": 36, "sec": 0.6}
{"pair": "LKOH-TATN", "tf": 5, "n": 36, "sec": 0.6}
{"pair": "SR-MX", "tf": 5, "n": 36, "sec": 0.5}
{"pair": "Si-CR", "tf": 15, "n": 36, "sec": 0.3}
{"pair": "BR-ROSN", "tf": 5, "n": 36, "sec": 0.6}
{"pair": "MX-RI", "tf": 15, "n": 36, "sec": 0.3}
{"pair": "SBER-SR", "tf": 15, "n": 36, "sec": 0.3}
{"pair": "GAZP-GZ", "tf": 15, "n": 36, "sec": 0.3}
{"pair": "BR-RN", "tf": 15, "n": 36, "sec": 0.3}
{"pair": "ROSN-RN", "tf": 15, "n": 36, "sec": 0.3}
{"pair": "LKOH-ROSN", "tf": 15, "n": 36, "sec": 0.3}
{"pair": "ROSN-TATN", "tf": 15, "n": 36, "sec": 0.4}
{"pair": "GD-PLZL", "tf": 15, "n": 36, "sec": 0.3}
{"pair": "SBER-VTBR", "tf": 15, "n": 36, "sec": 0.3}
{"pair": "MX-SBER", "tf": 15, "n": 36, "sec": 0.3}
{"pair": "MX-LKOH", "tf": 15, "n": 36, "sec": 0.3}
{"pair": "MX-GAZP", "tf": 15, "n": 36, "sec": 0.3}
{"pair": "NVTK-GAZP", "tf": 15, "n": 36, "sec": 0.4}
{"pair": "GMKN-ALRS", "tf": 15, "n": 36, "sec": 0.4}
{"pair": "LKOH-TATN", "tf": 15, "n": 36, "sec": 0.3}
{"pair": "SR-MX", "tf": 15, "n": 36, "sec": 0.3}
{"pair": "Si-CR", "tf": 60, "n": 36, "sec": 0.2}
{"pair": "BR-ROSN", "tf": 15, "n": 36, "sec": 0.3}
{"pair": "SBER-SR", "tf": 60, "n": 36, "sec": 0.2}
{"pair": "MX-RI", "tf": 60, "n": 36, "sec": 0.2}
{"pair": "GAZP-GZ", "tf": 60, "n": 36, "sec": 0.2}
{"pair": "ROSN-RN", "tf": 60, "n": 36, "sec": 0.2}
{"pair": "BR-RN", "tf": 60, "n": 36, "sec": 0.2}
{"pair": "LKOH-ROSN", "tf": 60, "n": 36, "sec": 0.2}
{"pair": "ROSN-TATN", "tf": 60, "n": 36, "sec": 0.2}
{"pair": "GD-PLZL", "tf": 60, "n": 36, "sec": 0.2}
{"pair": "MX-SBER", "tf": 60, "n": 36, "sec": 0.2}
{"pair": "SBER-VTBR", "tf": 60, "n": 36, "sec": 0.2}
{"pair": "MX-LKOH", "tf": 60, "n": 36, "sec": 0.2}
{"pair": "MX-GAZP", "tf": 60, "n": 36, "sec": 0.2}
{"pair": "NVTK-GAZP", "tf": 60, "n": 36, "sec": 0.2}
{"pair": "GMKN-ALRS", "tf": 60, "n": 36, "sec": 0.2}
{"pair": "LKOH-TATN", "tf": 60, "n": 36, "sec": 0.2}
{"pair": "SR-MX", "tf": 60, "n": 36, "sec": 0.2}
{"pair": "Si-CR", "tf": 1440, "n": 36, "sec": 0.1}
{"pair": "BR-ROSN", "tf": 60, "n": 36, "sec": 0.2}
{"pair": "SBER-SR", "tf": 1440, "n": 36, "sec": 0.1}
{"pair": "MX-RI", "tf": 1440, "n": 36, "sec": 0.2}
{"pair": "GAZP-GZ", "tf": 1440, "n": 36, "sec": 0.1}
{"pair": "ROSN-RN", "tf": 1440, "n": 36, "sec": 0.2}
{"pair": "BR-RN", "tf": 1440, "n": 36, "sec": 0.1}
{"pair": "LKOH-ROSN", "tf": 1440, "n": 36, "sec": 0.1}
{"pair": "ROSN-TATN", "tf": 1440, "n": 36, "sec": 0.1}
{"pair": "GD-PLZL", "tf": 1440, "n": 36, "sec": 0.2}
{"pair": "MX-SBER", "tf": 1440, "n": 36, "sec": 0.1}
{"pair": "SBER-VTBR", "tf": 1440, "n": 36, "sec": 0.2}
{"pair": "MX-LKOH", "tf": 1440, "n": 36, "sec": 0.2}
{"pair": "MX-GAZP", "tf": 1440, "n": 36, "sec": 0.1}
{"pair": "NVTK-GAZP", "tf": 1440, "n": 36, "sec": 0.1}
{"pair": "GMKN-ALRS", "tf": 1440, "n": 36, "sec": 0.1}
{"pair": "LKOH-TATN", "tf": 1440, "n": 36, "sec": 0.1}
{"pair": "SR-MX", "tf": 1440, "n": 36, "sec": 0.1}
{"pair": "BR-ROSN", "tf": 1440, "n": 36, "sec": 0.1}
