{"code": "RI", "tf": 1, "n": 8350, "sec": 19.1, "errors": 0}
{"code": "CR", "tf": 1, "n": 8350, "sec": 19.2, "errors": 0}
{"code": "Si", "tf": 1, "n": 8350, "sec": 19.4, "errors": 0}
{"code": "MX", "tf": 1, "n": 8350, "sec": 19.4, "errors": 0}
{"code": "SR", "tf": 1, "n": 8350, "sec": 16.0, "errors": 0}
{"code": "GZ", "tf": 1, "n": 8350, "sec": 16.0, "errors": 0}
{"code": "BR", "tf": 1, "n": 8350, "sec": 17.1, "errors": 0}
{"code": "GD", "tf": 1, "n": 8350, "sec": 17.1, "errors": 0}
{"code": "RN", "tf": 1, "n": 8350, "sec": 9.9, "errors": 0}
{"code": "SBER", "tf": 1, "n": 4472, "sec": 12.6, "errors": 0}
{"code": "GAZP", "tf": 1, "n": 4472, "sec": 12.5, "errors": 0}
{"code": "LKOH", "tf": 1, "n": 4472, "sec": 12.6, "errors": 0}
{"code": "ROSN", "tf": 1, "n": 4472, "sec": 12.6, "errors": 0}
{"code": "GMKN", "tf": 1, "n": 4472, "sec": 12.7, "errors": 0}
{"code": "NVTK", "tf": 1, "n": 4472, "sec": 12.4, "errors": 0}
{"code": "TATN", "tf": 1, "n": 4472, "sec": 12.8, "errors": 0}
{"code": "MGNT", "tf": 1, "n": 4472, "sec": 11.2, "errors": 0}
{"code": "PLZL", "tf": 1, "n": 4472, "sec": 12.5, "errors": 0}
{"code": "ALRS", "tf": 1, "n": 4472, "sec": 11.9, "errors": 0}
{"code": "VTBR", "tf": 1, "n": 4472, "sec": 12.8, "errors": 0}
{"code": "Si", "tf": 2, "n": 7848, "sec": 7.8, "errors": 0}
{"code": "CR", "tf": 2, "n": 7848, "sec": 7.5, "errors": 0}
{"code": "AFLT", "tf": 1, "n": 4472, "sec": 12.2, "errors": 0}
{"code": "RI", "tf": 2, "n": 7848, "sec": 7.5, "errors": 0}
{"code": "MX", "tf": 2, "n": 7848, "sec": 8.1, "errors": 0}
{"code": "SR", "tf": 2, "n": 7848, "sec": 7.7, "errors": 0}
{"code": "GD", "tf": 2, "n": 7848, "sec": 8.0, "errors": 0}
{"code": "BR", "tf": 2, "n": 7848, "sec": 8.3, "errors": 0}
{"code": "SBER", "tf": 2, "n": 3978, "sec": 5.2, "errors": 0}
{"code": "GAZP", "tf": 2, "n": 3978, "sec": 5.4, "errors": 0}
{"code": "RN", "tf": 2, "n": 7848, "sec": 5.9, "errors": 0}
{"code": "GZ", "tf": 2, "n": 7848, "sec": 7.6, "errors": 0}
{"code": "LKOH", "tf": 2, "n": 3978, "sec": 5.3, "errors": 0}
{"code": "ROSN", "tf": 2, "n": 3978, "sec": 5.3, "errors": 0}
{"code": "GMKN", "tf": 2, "n": 3978, "sec": 5.2, "errors": 0}
{"code": "NVTK", "tf": 2, "n": 3978, "sec": 5.1, "errors": 0}
{"code": "TATN", "tf": 2, "n": 3978, "sec": 5.1, "errors": 0}
{"code": "MGNT", "tf": 2, "n": 3978, "sec": 4.9, "errors": 0}
{"code": "PLZL", "tf": 2, "n": 3978, "sec": 5.1, "errors": 0}
{"code": "VTBR", "tf": 2, "n": 3978, "sec": 5.1, "errors": 0}
{"code": "ALRS", "tf": 2, "n": 3978, "sec": 5.0, "errors": 0}
{"code": "AFLT", "tf": 2, "n": 3978, "sec": 5.1, "errors": 0}
{"code": "Si", "tf": 3, "n": 7848, "sec": 5.3, "errors": 0}
{"code": "CR", "tf": 3, "n": 7848, "sec": 5.4, "errors": 0}
{"code": "RI", "tf": 3, "n": 7848, "sec": 5.2, "errors": 0}
{"code": "MX", "tf": 3, "n": 7848, "sec": 5.4, "errors": 0}
{"code": "BR", "tf": 3, "n": 7848, "sec": 5.4, "errors": 0}
{"code": "GD", "tf": 3, "n": 7848, "sec": 5.5, "errors": 0}
{"code": "SR", "tf": 3, "n": 7848, "sec": 5.3, "errors": 0}
{"code": "RN", "tf": 3, "n": 7848, "sec": 4.7, "errors": 0}
{"code": "GZ", "tf": 3, "n": 7848, "sec": 5.4, "errors": 0}
{"code": "SBER", "tf": 3, "n": 3978, "sec": 3.5, "errors": 0}
{"code": "GAZP", "tf": 3, "n": 3978, "sec": 3.6, "errors": 0}
{"code": "LKOH", "tf": 3, "n": 3978, "sec": 3.6, "errors": 0}
{"code": "ROSN", "tf": 3, "n": 3978, "sec": 3.8, "errors": 0}
{"code": "GMKN", "tf": 3, "n": 3978, "sec": 3.7, "errors": 0}
{"code": "NVTK", "tf": 3, "n": 3978, "sec": 3.8, "errors": 0}
{"code": "TATN", "tf": 3, "n": 3978, "sec": 3.5, "errors": 0}
{"code": "MGNT", "tf": 3, "n": 3978, "sec": 3.7, "errors": 0}
{"code": "PLZL", "tf": 3, "n": 3978, "sec": 3.7, "errors": 0}
{"code": "VTBR", "tf": 3, "n": 3978, "sec": 3.7, "errors": 0}
{"code": "ALRS", "tf": 3, "n": 3978, "sec": 3.7, "errors": 0}
{"code": "AFLT", "tf": 3, "n": 3978, "sec": 3.5, "errors": 0}
{"code": "Si", "tf": 5, "n": 8070, "sec": 4.0, "errors": 0}
{"code": "CR", "tf": 5, "n": 8070, "sec": 3.8, "errors": 0}
{"code": "RI", "tf": 5, "n": 8070, "sec": 3.9, "errors": 0}
{"code": "MX", "tf": 5, "n": 8070, "sec": 4.0, "errors": 0}
{"code": "BR", "tf": 5, "n": 8070, "sec": 3.9, "errors": 0}
{"code": "GD", "tf": 5, "n": 8070, "sec": 4.0, "errors": 0}
{"code": "SR", "tf": 5, "n": 8070, "sec": 3.9, "errors": 0}
{"code": "GZ", "tf": 5, "n": 8070, "sec": 3.8, "errors": 0}
{"code": "RN", "tf": 5, "n": 8070, "sec": 3.5, "errors": 0}
{"code": "SBER", "tf": 5, "n": 4200, "sec": 2.8, "errors": 0}
{"code": "GAZP", "tf": 5, "n": 4200, "sec": 2.9, "errors": 0}
{"code": "LKOH", "tf": 5, "n": 4200, "sec": 2.9, "errors": 0}
{"code": "ROSN", "tf": 5, "n": 4200, "sec": 2.9, "errors": 0}
{"code": "GMKN", "tf": 5, "n": 4200, "sec": 3.0, "errors": 0}
{"code": "NVTK", "tf": 5, "n": 4200, "sec": 2.8, "errors": 0}
{"code": "TATN", "tf": 5, "n": 4200, "sec": 2.8, "errors": 0}
{"code": "MGNT", "tf": 5, "n": 4200, "sec": 2.7, "errors": 0}
{"code": "PLZL", "tf": 5, "n": 4200, "sec": 2.9, "errors": 0}
{"code": "VTBR", "tf": 5, "n": 4200, "sec": 2.9, "errors": 0}
{"code": "ALRS", "tf": 5, "n": 4200, "sec": 2.8, "errors": 0}
{"code": "AFLT", "tf": 5, "n": 4200, "sec": 2.9, "errors": 0}
{"code": "CR", "tf": 10, "n": 7848, "sec": 2.1, "errors": 0}
{"code": "Si", "tf": 10, "n": 7848, "sec": 2.2, "errors": 0}
{"code": "RI", "tf": 10, "n": 7848, "sec": 2.2, "errors": 0}
{"code": "MX", "tf": 10, "n": 7848, "sec": 2.1, "errors": 0}
{"code": "BR", "tf": 10, "n": 7848, "sec": 2.1, "errors": 0}
{"code": "GD", "tf": 10, "n": 7848, "sec": 2.3, "errors": 0}
{"code": "SR", "tf": 10, "n": 7848, "sec": 2.3, "errors": 0}
{"code": "GZ", "tf": 10, "n": 7848, "sec": 2.3, "errors": 0}
{"code": "SBER", "tf": 10, "n": 3978, "sec": 1.4, "errors": 0}
{"code": "GAZP", "tf": 10, "n": 3978, "sec": 1.5, "errors": 0}
{"code": "LKOH", "tf": 10, "n": 3978, "sec": 1.4, "errors": 0}
{"code": "RN", "tf": 10, "n": 7848, "sec": 2.3, "errors": 0}
{"code": "ROSN", "tf": 10, "n": 3978, "sec": 1.5, "errors": 0}
{"code": "GMKN", "tf": 10, "n": 3978, "sec": 1.5, "errors": 0}
{"code": "NVTK", "tf": 10, "n": 3978, "sec": 1.4, "errors": 0}
{"code": "TATN", "tf": 10, "n": 3978, "sec": 1.5, "errors": 0}
{"code": "MGNT", "tf": 10, "n": 3978, "sec": 1.5, "errors": 0}
{"code": "PLZL", "tf": 10, "n": 3978, "sec": 1.5, "errors": 0}
{"code": "VTBR", "tf": 10, "n": 3978, "sec": 1.5, "errors": 0}
{"code": "ALRS", "tf": 10, "n": 3978, "sec": 1.5, "errors": 0}
{"code": "AFLT", "tf": 10, "n": 3978, "sec": 1.4, "errors": 0}
{"code": "CR", "tf": 15, "n": 8070, "sec": 1.9, "errors": 0}
{"code": "Si", "tf": 15, "n": 8070, "sec": 1.9, "errors": 0}
{"code": "RI", "tf": 15, "n": 8070, "sec": 2.0, "errors": 0}
{"code": "MX", "tf": 15, "n": 8070, "sec": 1.8, "errors": 0}
{"code": "BR", "tf": 15, "n": 8070, "sec": 1.8, "errors": 0}
{"code": "GD", "tf": 15, "n": 8070, "sec": 1.9, "errors": 0}
{"code": "SR", "tf": 15, "n": 8070, "sec": 1.9, "errors": 0}
{"code": "GZ", "tf": 15, "n": 8070, "sec": 1.8, "errors": 0}
{"code": "SBER", "tf": 15, "n": 4200, "sec": 1.3, "errors": 0}
{"code": "GAZP", "tf": 15, "n": 4200, "sec": 1.3, "errors": 0}
{"code": "RN", "tf": 15, "n": 8070, "sec": 1.8, "errors": 0}
{"code": "LKOH", "tf": 15, "n": 4200, "sec": 1.3, "errors": 0}
{"code": "ROSN", "tf": 15, "n": 4200, "sec": 1.2, "errors": 0}
{"code": "GMKN", "tf": 15, "n": 4200, "sec": 1.2, "errors": 0}
{"code": "NVTK", "tf": 15, "n": 4200, "sec": 1.3, "errors": 0}
{"code": "TATN", "tf": 15, "n": 4200, "sec": 1.3, "errors": 0}
{"code": "MGNT", "tf": 15, "n": 4200, "sec": 1.3, "errors": 0}
{"code": "PLZL", "tf": 15, "n": 4200, "sec": 1.3, "errors": 0}
{"code": "VTBR", "tf": 15, "n": 4200, "sec": 1.2, "errors": 0}
{"code": "ALRS", "tf": 15, "n": 4200, "sec": 1.3, "errors": 0}
{"code": "AFLT", "tf": 15, "n": 4200, "sec": 1.3, "errors": 0}
{"code": "Si", "tf": 30, "n": 7848, "sec": 1.3, "errors": 0}
{"code": "CR", "tf": 30, "n": 7848, "sec": 1.2, "errors": 0}
{"code": "RI", "tf": 30, "n": 7848, "sec": 1.2, "errors": 0}
{"code": "MX", "tf": 30, "n": 7848, "sec": 1.2, "errors": 0}
{"code": "BR", "tf": 30, "n": 7848, "sec": 1.4, "errors": 0}
{"code": "GD", "tf": 30, "n": 7848, "sec": 1.3, "errors": 0}
{"code": "SR", "tf": 30, "n": 7848, "sec": 1.3, "errors": 0}
{"code": "SBER", "tf": 30, "n": 3978, "sec": 0.8, "errors": 0}
{"code": "GZ", "tf": 30, "n": 7848, "sec": 1.4, "errors": 0}
{"code": "RN", "tf": 30, "n": 7848, "sec": 1.3, "errors": 0}
{"code": "GAZP", "tf": 30, "n": 3978, "sec": 0.9, "errors": 0}
{"code": "LKOH", "tf": 30, "n": 3978, "sec": 0.9, "errors": 0}
{"code": "ROSN", "tf": 30, "n": 3978, "sec": 0.8, "errors": 0}
{"code": "GMKN", "tf": 30, "n": 3978, "sec": 0.8, "errors": 0}
{"code": "NVTK", "tf": 30, "n": 3978, "sec": 0.9, "errors": 0}
{"code": "TATN", "tf": 30, "n": 3978, "sec": 0.8, "errors": 0}
{"code": "MGNT", "tf": 30, "n": 3978, "sec": 0.8, "errors": 0}
{"code": "PLZL", "tf": 30, "n": 3978, "sec": 0.9, "errors": 0}
{"code": "VTBR", "tf": 30, "n": 3978, "sec": 0.8, "errors": 0}
{"code": "ALRS", "tf": 30, "n": 3978, "sec": 0.9, "errors": 0}
{"code": "AFLT", "tf": 30, "n": 3978, "sec": 0.8, "errors": 0}
{"code": "Si", "tf": 60, "n": 7818, "sec": 1.0, "errors": 0}
{"code": "CR", "tf": 60, "n": 7818, "sec": 1.1, "errors": 0}
{"code": "RI", "tf": 60, "n": 7818, "sec": 1.0, "errors": 0}
{"code": "MX", "tf": 60, "n": 7818, "sec": 1.0, "errors": 0}
{"code": "BR", "tf": 60, "n": 7818, "sec": 1.1, "errors": 0}
{"code": "GD", "tf": 60, "n": 7818, "sec": 1.0, "errors": 0}
{"code": "SR", "tf": 60, "n": 7818, "sec": 1.0, "errors": 0}
{"code": "GZ", "tf": 60, "n": 7818, "sec": 1.0, "errors": 0}
{"code": "SBER", "tf": 60, "n": 3948, "sec": 0.8, "errors": 0}
{"code": "LKOH", "tf": 60, "n": 3948, "sec": 0.6, "errors": 0}
{"code": "GAZP", "tf": 60, "n": 3948, "sec": 0.7, "errors": 0}
{"code": "RN", "tf": 60, "n": 7818, "sec": 1.1, "errors": 0}
{"code": "ROSN", "tf": 60, "n": 3948, "sec": 0.6, "errors": 0}
{"code": "GMKN", "tf": 60, "n": 3948, "sec": 0.6, "errors": 0}
{"code": "NVTK", "tf": 60, "n": 3948, "sec": 0.6, "errors": 0}
{"code": "TATN", "tf": 60, "n": 3948, "sec": 0.6, "errors": 0}
{"code": "MGNT", "tf": 60, "n": 3948, "sec": 0.6, "errors": 0}
{"code": "VTBR", "tf": 60, "n": 3948, "sec": 0.6, "errors": 0}
{"code": "PLZL", "tf": 60, "n": 3948, "sec": 0.6, "errors": 0}
{"code": "ALRS", "tf": 60, "n": 3948, "sec": 0.6, "errors": 0}
{"code": "AFLT", "tf": 60, "n": 3948, "sec": 0.7, "errors": 0}
{"code": "Si", "tf": 1440, "n": 7634, "sec": 0.5, "errors": 0}
{"code": "CR", "tf": 1440, "n": 7634, "sec": 0.6, "errors": 0}
{"code": "RI", "tf": 1440, "n": 7634, "sec": 0.6, "errors": 0}
{"code": "BR", "tf": 1440, "n": 7634, "sec": 0.6, "errors": 0}
{"code": "MX", "tf": 1440, "n": 7634, "sec": 0.6, "errors": 0}
{"code": "GD", "tf": 1440, "n": 7634, "sec": 0.6, "errors": 0}
{"code": "SR", "tf": 1440, "n": 7634, "sec": 0.6, "errors": 0}
{"code": "SBER", "tf": 1440, "n": 3818, "sec": 0.4, "errors": 0}
{"code": "GAZP", "tf": 1440, "n": 3818, "sec": 0.3, "errors": 0}
{"code": "RN", "tf": 1440, "n": 7634, "sec": 0.6, "errors": 0}
{"code": "GZ", "tf": 1440, "n": 7634, "sec": 0.7, "errors": 0}
{"code": "LKOH", "tf": 1440, "n": 3818, "sec": 0.4, "errors": 0}
{"code": "ROSN", "tf": 1440, "n": 3818, "sec": 0.3, "errors": 0}
{"code": "GMKN", "tf": 1440, "n": 3818, "sec": 0.3, "errors": 0}
{"code": "NVTK", "tf": 1440, "n": 3818, "sec": 0.3, "errors": 0}
{"code": "TATN", "tf": 1440, "n": 3818, "sec": 0.3, "errors": 0}
{"code": "MGNT", "tf": 1440, "n": 3818, "sec": 0.4, "errors": 0}
{"code": "PLZL", "tf": 1440, "n": 3818, "sec": 0.3, "errors": 0}
{"code": "VTBR", "tf": 1440, "n": 3818, "sec": 0.3, "errors": 0}
{"code": "ALRS", "tf": 1440, "n": 3818, "sec": 0.3, "errors": 0}
{"code": "AFLT", "tf": 1440, "n": 3818, "sec": 0.3, "errors": 0}
