pool (1080606, 198) 16.6
sharpe_k1 {"months": 6, "total": -0.1325, "sharpe": -1.0018, "pmr": 0.5, "m_min": -0.1263, "m_mean": -0.0221, "m_median": -0.0169, "mdd": 0.2825, "monthly": {"202601": 0.0227, "202602": 0.0461, "202603": -0.0412, "202604": 0.0045, "202605": -0.0382, "202606": -0.1263}}
sharpe_k5 {"months": 6, "total": -0.1779, "sharpe": -1.4934, "pmr": 0.0, "m_min": -0.0775, "m_mean": -0.0296, "m_median": -0.0232, "mdd": 0.253, "monthly": {"202601": -0.0119, "202602": -0.0015, "202603": -0.027, "202604": -0.0775, "202605": -0.0194, "202606": -0.0406}}
sharpe_k10 {"months": 6, "total": -0.2507, "sharpe": -2.6354, "pmr": 0.1667, "m_min": -0.0928, "m_mean": -0.0418, "m_median": -0.045, "mdd": 0.2861, "monthly": {"202601": -0.0164, "202602": 0.005, "202603": -0.0928, "202604": -0.0565, "202605": -0.0341, "202606": -0.056}}
sharpe_k20 {"months": 6, "total": -0.2581, "sharpe": -3.1281, "pmr": 0.1667, "m_min": -0.0928, "m_mean": -0.043, "m_median": -0.0378, "mdd": 0.2813, "monthly": {"202601": -0.0319, "202602": -0.0436, "202603": -0.0928, "202604": -0.0605, "202605": -0.0305, "202606": 0.0012}}
score_k1 {"months": 6, "total": -0.1938, "sharpe": -2.2932, "pmr": 0.3333, "m_min": -0.0917, "m_mean": -0.0323, "m_median": -0.0365, "mdd": 0.2563, "monthly": {"202601": 0.007, "202602": -0.0385, "202603": -0.0534, "202604": -0.0917, "202605": 0.0172, "202606": -0.0344}}
score_k5 {"months": 6, "total": -0.2194, "sharpe": -2.9623, "pmr": 0.0, "m_min": -0.0764, "m_mean": -0.0366, "m_median": -0.0334, "mdd": 0.2763, "monthly": {"202601": -0.002, "202602": -0.0624, "202603": -0.0764, "202604": -0.0223, "202605": -0.0116, "202606": -0.0446}}
score_k10 {"months": 6, "total": -0.2074, "sharpe": -2.4163, "pmr": 0.0, "m_min": -0.0906, "m_mean": -0.0346, "m_median": -0.0295, "mdd": 0.2644, "monthly": {"202601": -0.0103, "202602": -0.0433, "202603": -0.0906, "202604": -0.0238, "202605": -0.0041, "202606": -0.0353}}
score_k20 {"months": 6, "total": -0.3561, "sharpe": -3.7735, "pmr": 0.0, "m_min": -0.1969, "m_mean": -0.0594, "m_median": -0.0361, "mdd": 0.4271, "monthly": {"202601": -0.009, "202602": -0.0455, "202603": -0.1969, "202604": -0.0361, "202605": -0.0325, "202606": -0.0361}}
pmr_k1 {"months": 6, "total": 0.0307, "sharpe": 0.3361, "pmr": 0.6667, "m_min": -0.0412, "m_mean": 0.0051, "m_median": 0.0136, "mdd": 0.1185, "monthly": {"202601": 0.0227, "202602": 0.0461, "202603": -0.0412, "202604": 0.0045, "202605": -0.0382, "202606": 0.0369}}
pmr_k5 {"months": 6, "total": -0.2665, "sharpe": -2.1259, "pmr": 0.0, "m_min": -0.1061, "m_mean": -0.0444, "m_median": -0.0356, "mdd": 0.3967, "monthly": {"202601": -0.0119, "202602": -0.0015, "202603": -0.027, "202604": -0.0442, "202605": -0.0758, "202606": -0.1061}}
pmr_k10 {"months": 6, "total": -0.2537, "sharpe": -2.0251, "pmr": 0.1667, "m_min": -0.0908, "m_mean": -0.0423, "m_median": -0.0347, "mdd": 0.3677, "monthly": {"202601": -0.0164, "202602": 0.005, "202603": -0.082, "202604": -0.0359, "202605": -0.0336, "202606": -0.0908}}
pmr_k20 {"months": 6, "total": -0.3328, "sharpe": -3.2401, "pmr": 0.0, "m_min": -0.0946, "m_mean": -0.0555, "m_median": -0.0521, "mdd": 0.4049, "monthly": {"202601": -0.024, "202602": -0.0502, "202603": -0.0946, "202604": -0.0688, "202605": -0.0411, "202606": -0.0541}}
floor_k1 {"months": 6, "total": -0.2525, "sharpe": -2.3926, "pmr": 0.0, "m_min": -0.0739, "m_mean": -0.0421, "m_median": -0.0367, "mdd": 0.2535, "monthly": {"202601": -0.0739, "202602": -0.0163, "202603": -0.0405, "202604": -0.0631, "202605": -0.0258, "202606": -0.0328}}
floor_k5 {"months": 6, "total": -0.2055, "sharpe": -1.6952, "pmr": 0.0, "m_min": -0.0932, "m_mean": -0.0343, "m_median": -0.0227, "mdd": 0.2749, "monthly": {"202601": -0.0044, "202602": -0.0088, "202603": -0.0181, "202604": -0.0932, "202605": -0.0273, "202606": -0.0539}}
floor_k10 {"months": 6, "total": -0.282, "sharpe": -2.6149, "pmr": 0.0, "m_min": -0.1257, "m_mean": -0.047, "m_median": -0.04, "mdd": 0.3445, "monthly": {"202601": -0.0331, "202602": -0.022, "202603": -0.0521, "202604": -0.1257, "202605": -0.0469, "202606": -0.0023}}
floor_k20 {"months": 6, "total": -0.3267, "sharpe": -3.6248, "pmr": 0.1667, "m_min": -0.1141, "m_mean": -0.0544, "m_median": -0.0572, "mdd": 0.3896, "monthly": {"202601": -0.0377, "202602": -0.0363, "202603": -0.0767, "202604": -0.1141, "202605": -0.078, "202606": 0.0162}}
sortino_k1 {"months": 6, "total": -0.1233, "sharpe": -1.2357, "pmr": 0.3333, "m_min": -0.075, "m_mean": -0.0205, "m_median": -0.0161, "mdd": 0.2257, "monthly": {"202601": 0.0227, "202602": -0.0163, "202603": -0.075, "202604": 0.004, "202605": -0.0159, "202606": -0.0428}}
sortino_k5 {"months": 6, "total": 0.0632, "sharpe": 0.5997, "pmr": 0.5, "m_min": -0.0304, "m_mean": 0.0105, "m_median": 0.0022, "mdd": 0.1591, "monthly": {"202601": 0.0046, "202602": 0.0067, "202603": -0.019, "202604": -0.0002, "202605": -0.0304, "202606": 0.1015}}
sortino_k10 {"months": 6, "total": -0.0936, "sharpe": -0.9543, "pmr": 0.1667, "m_min": -0.0355, "m_mean": -0.0156, "m_median": -0.0148, "mdd": 0.1638, "monthly": {"202601": -0.0055, "202602": -0.0001, "202603": -0.0355, "202604": 0.0013, "202605": -0.0297, "202606": -0.0241}}
sortino_k20 {"months": 6, "total": -0.1975, "sharpe": -2.095, "pmr": 0.0, "m_min": -0.0588, "m_mean": -0.0329, "m_median": -0.0308, "mdd": 0.2672, "monthly": {"202601": -0.001, "202602": -0.0245, "202603": -0.0563, "202604": -0.0588, "202605": -0.0372, "202606": -0.0196}}
calmar_k1 {"months": 6, "total": -0.066, "sharpe": -0.9807, "pmr": 0.3333, "m_min": -0.029, "m_mean": -0.011, "m_median": -0.0073, "mdd": 0.1353, "monthly": {"202601": -0.0053, "202602": -0.029, "202603": -0.0277, "202604": 0.0015, "202605": -0.0093, "202606": 0.0037}}
calmar_k5 {"months": 6, "total": -0.2229, "sharpe": -2.5502, "pmr": 0.1667, "m_min": -0.1131, "m_mean": -0.0372, "m_median": -0.035, "mdd": 0.3014, "monthly": {"202601": -0.0011, "202602": -0.0387, "202603": -0.1131, "202604": -0.113, "202605": 0.0742, "202606": -0.0312}}
calmar_k10 {"months": 6, "total": -0.3937, "sharpe": -3.4848, "pmr": 0.1667, "m_min": -0.225, "m_mean": -0.0656, "m_median": -0.0585, "mdd": 0.4592, "monthly": {"202601": -0.0144, "202602": -0.0559, "202603": -0.225, "202604": -0.0611, "202605": 0.0573, "202606": -0.0946}}
calmar_k20 {"months": 6, "total": -0.4752, "sharpe": -4.6531, "pmr": 0.1667, "m_min": -0.2148, "m_mean": -0.0792, "m_median": -0.0756, "mdd": 0.515, "monthly": {"202601": -0.0152, "202602": -0.0495, "202603": -0.2148, "202604": -0.1066, "202605": 0.0125, "202606": -0.1017}}
sharpe_k10_smooth {"months": 6, "total": 0.0732, "sharpe": 0.8398, "pmr": 0.6667, "m_min": -0.0556, "m_mean": 0.0122, "m_median": 0.0035, "mdd": 0.1446, "monthly": {"202601": 0.0161, "202602": 0.0037, "202603": -0.0556, "202604": -0.0008, "202605": 0.0033, "202606": 0.1064}}
sharpe_k10_lb3 {"months": 6, "total": -0.0035, "sharpe": -0.027, "pmr": 0.3333, "m_min": -0.1584, "m_mean": -0.0006, "m_median": -0.0129, "mdd": 0.2397, "monthly": {"202601": -0.0164, "202602": 0.0604, "202603": -0.1584, "202604": -0.0095, "202605": -0.0297, "202606": 0.1501}}
sharpe_k10_pmr08 {"months": 6, "total": -0.2614, "sharpe": -2.7073, "pmr": 0.1667, "m_min": -0.0928, "m_mean": -0.0436, "m_median": -0.0407, "mdd": 0.3136, "monthly": {"202601": -0.0164, "202602": 0.005, "202603": -0.0928, "202604": -0.0759, "202605": -0.0315, "202606": -0.0499}}
sharpe_k10_daily {"months": 6, "total": 0.0248, "sharpe": 0.2599, "pmr": 0.6667, "m_min": -0.0698, "m_mean": 0.0041, "m_median": 0.0066, "mdd": 0.1011, "monthly": {"202601": 0.0115, "202602": 0.0286, "202603": -0.0698, "202604": 0.0017, "202605": -0.0264, "202606": 0.0791}}
sharpe_k10_h60 {"months": 6, "total": -0.2848, "sharpe": -2.9878, "pmr": 0.1667, "m_min": -0.1591, "m_mean": -0.0475, "m_median": -0.0268, "mdd": 0.3033, "monthly": {"202601": -0.0335, "202602": -0.0201, "202603": -0.1591, "202604": -0.0086, "202605": 0.0011, "202606": -0.0646}}
sharpe_k10_fut {"months": 6, "total": -0.2028, "sharpe": -2.0288, "pmr": 0.1667, "m_min": -0.153, "m_mean": -0.0338, "m_median": -0.0184, "mdd": 0.2534, "monthly": {"202601": -0.0013, "202602": -0.0128, "202603": -0.153, "202604": 0.0458, "202605": -0.0574, "202606": -0.0241}}
sharpe_k10_eq {"months": 6, "total": -0.2899, "sharpe": -3.4314, "pmr": 0.0, "m_min": -0.0956, "m_mean": -0.0483, "m_median": -0.0399, "mdd": 0.3325, "monthly": {"202601": -0.0956, "202602": -0.0291, "202603": -0.0061, "202604": -0.0794, "202605": -0.0436, "202606": -0.0361}}
sharpe_k10_trend {"months": 6, "total": -0.0282, "sharpe": -0.312, "pmr": 0.3333, "m_min": -0.0339, "m_mean": -0.0047, "m_median": -0.0141, "mdd": 0.1009, "monthly": {"202601": -0.0339, "202602": -0.0099, "202603": 0.0338, "202604": -0.0232, "202605": -0.0183, "202606": 0.0233}}
sharpe_k10_mr {"months": 6, "total": -0.3841, "sharpe": -3.7314, "pmr": 0.0, "m_min": -0.1221, "m_mean": -0.064, "m_median": -0.06, "mdd": 0.3954, "monthly": {"202601": -0.0532, "202602": -0.0394, "202603": -0.0775, "202604": -0.0669, "202605": -0.025, "202606": -0.1221}}
sharpe_k10_vol {"months": 6, "total": -0.0778, "sharpe": -0.6543, "pmr": 0.6667, "m_min": -0.0991, "m_mean": -0.013, "m_median": 0.012, "mdd": 0.2721, "monthly": {"202601": 0.031, "202602": 0.0113, "202603": -0.0991, "202604": 0.0128, "202605": -0.0806, "202606": 0.0469}}
sharpe_k10_intraday {"months": 6, "total": -0.1254, "sharpe": -1.458, "pmr": 0.3333, "m_min": -0.0826, "m_mean": -0.0209, "m_median": -0.0389, "mdd": 0.1595, "monthly": {"202601": 0.0275, "202602": -0.0156, "202603": -0.0737, "202604": 0.0811, "202605": -0.0826, "202606": -0.0621}}
sharpe_k30_c05 {"months": 6, "total": -0.3047, "sharpe": -3.2958, "pmr": 0.1667, "m_min": -0.152, "m_mean": -0.0508, "m_median": -0.042, "mdd": 0.3451, "monthly": {"202601": -0.0441, "202602": -0.0263, "202603": -0.152, "202604": -0.0474, "202605": -0.04, "202606": 0.0051}}
score_k10_smooth {"months": 6, "total": -0.0051, "sharpe": -0.0729, "pmr": 0.5, "m_min": -0.0411, "m_mean": -0.0009, "m_median": 0.0043, "mdd": 0.1236, "monthly": {"202601": 0.0363, "202602": -0.0411, "202603": -0.0304, "202604": 0.0209, "202605": 0.0216, "202606": -0.0124}}
score_k10_lb3 {"months": 6, "total": -0.2841, "sharpe": -2.1564, "pmr": 0.3333, "m_min": -0.3391, "m_mean": -0.0474, "m_median": -0.0157, "mdd": 0.4088, "monthly": {"202601": -0.0103, "202602": -0.0211, "202603": -0.3391, "202604": 0.0894, "202605": -0.0612, "202606": 0.0582}}
score_k10_pmr08 {"months": 6, "total": -0.1946, "sharpe": -2.1741, "pmr": 0.0, "m_min": -0.0906, "m_mean": -0.0324, "m_median": -0.0231, "mdd": 0.2756, "monthly": {"202601": -0.0103, "202602": -0.0433, "202603": -0.0906, "202604": -0.0238, "202605": -0.0041, "202606": -0.0224}}
score_k10_daily {"months": 6, "total": -0.1104, "sharpe": -1.4276, "pmr": 0.3333, "m_min": -0.1233, "m_mean": -0.0184, "m_median": -0.0157, "mdd": 0.1694, "monthly": {"202601": -0.0178, "202602": 0.0387, "202603": -0.1233, "202604": -0.0414, "202605": 0.047, "202606": -0.0137}}
score_k10_h60 {"months": 6, "total": -0.2526, "sharpe": -2.7404, "pmr": 0.1667, "m_min": -0.1246, "m_mean": -0.0421, "m_median": -0.0407, "mdd": 0.3363, "monthly": {"202601": 0.0241, "202602": -0.0429, "202603": -0.1246, "202604": -0.0575, "202605": -0.0134, "202606": -0.0384}}
score_k10_fut {"months": 6, "total": -0.3599, "sharpe": -3.6845, "pmr": 0.0, "m_min": -0.1878, "m_mean": -0.06, "m_median": -0.0396, "mdd": 0.447, "monthly": {"202601": -0.0049, "202602": -0.0438, "202603": -0.1878, "202604": -0.075, "202605": -0.013, "202606": -0.0355}}
score_k10_eq {"months": 6, "total": -0.1434, "sharpe": -1.9427, "pmr": 0.1667, "m_min": -0.0399, "m_mean": -0.0239, "m_median": -0.0277, "mdd": 0.1745, "monthly": {"202601": -0.0309, "202602": -0.0186, "202603": -0.0399, "202604": -0.0254, "202605": -0.0301, "202606": 0.0015}}
score_k10_trend {"months": 6, "total": -0.1181, "sharpe": -1.5809, "pmr": 0.3333, "m_min": -0.0894, "m_mean": -0.0197, "m_median": -0.0135, "mdd": 0.1972, "monthly": {"202601": 0.0091, "202602": -0.0394, "202603": -0.0894, "202604": -0.0235, "202605": -0.0034, "202606": 0.0285}}
score_k10_mr {"months": 6, "total": -0.281, "sharpe": -3.2237, "pmr": 0.1667, "m_min": -0.1298, "m_mean": -0.0468, "m_median": -0.0424, "mdd": 0.3365, "monthly": {"202601": -0.0048, "202602": 0.0092, "202603": -0.1298, "202604": -0.0531, "202605": -0.0316, "202606": -0.0709}}
score_k10_vol {"months": 6, "total": -0.174, "sharpe": -2.0769, "pmr": 0.3333, "m_min": -0.1051, "m_mean": -0.029, "m_median": -0.02, "mdd": 0.2343, "monthly": {"202601": 0.003, "202602": -0.0214, "202603": -0.1051, "202604": -0.041, "202605": -0.0186, "202606": 0.0091}}
score_k10_intraday {"months": 6, "total": -0.0783, "sharpe": -0.7539, "pmr": 0.5, "m_min": -0.0852, "m_mean": -0.013, "m_median": -0.0069, "mdd": 0.1589, "monthly": {"202601": 0.0146, "202602": -0.0199, "202603": -0.0541, "202604": 0.0601, "202605": -0.0852, "202606": 0.0061}}
score_k30_c05 {"months": 6, "total": -0.4481, "sharpe": -4.0951, "pmr": 0.0, "m_min": -0.1579, "m_mean": -0.0747, "m_median": -0.0648, "mdd": 0.5259, "monthly": {"202601": -0.0171, "202602": -0.057, "202603": -0.1579, "202604": -0.0865, "202605": -0.0591, "202606": -0.0705}}
              procedure  months     total    sharpe       pmr     m_min    m_mean  m_median       mdd  m202601  m202602  m202603  m202604  m202605  m202606
24    sharpe_k10_smooth       6  0.073152  0.839772  0.666667 -0.055633  0.012192  0.003525  0.144590   0.0161   0.0037  -0.0556  -0.0008   0.0033   0.1064
17           sortino_k5       6  0.063215  0.599661  0.500000 -0.030360  0.010536  0.002196  0.159088   0.0046   0.0067  -0.0190  -0.0002  -0.0304   0.1015
8                pmr_k1       6  0.030750  0.336093  0.666667 -0.041199  0.005125  0.013592  0.118505   0.0227   0.0461  -0.0412   0.0045  -0.0382   0.0369
27     sharpe_k10_daily       6  0.024767  0.259885  0.666667 -0.069774  0.004128  0.006609  0.101098   0.0115   0.0286  -0.0698   0.0017  -0.0264   0.0791
25       sharpe_k10_lb3       6 -0.003450 -0.027022  0.333333 -0.158413 -0.000575 -0.012945  0.239713  -0.0164   0.0604  -0.1584  -0.0095  -0.0297   0.1501
36     score_k10_smooth       6 -0.005123 -0.072864  0.500000 -0.041062 -0.000854  0.004261  0.123558   0.0363  -0.0411  -0.0304   0.0209   0.0216  -0.0124
31     sharpe_k10_trend       6 -0.028244 -0.311966  0.333333 -0.033888 -0.004707 -0.014136  0.100918  -0.0339  -0.0099   0.0338  -0.0232  -0.0183   0.0233
33       sharpe_k10_vol       6 -0.077769 -0.654304  0.666667 -0.099109 -0.012962  0.012011  0.272082   0.0310   0.0113  -0.0991   0.0128  -0.0806   0.0469
46   score_k10_intraday       6 -0.078284 -0.753936  0.500000 -0.085209 -0.013047 -0.006869  0.158851   0.0146  -0.0199  -0.0541   0.0601  -0.0852   0.0061
18          sortino_k10       6 -0.093607 -0.954277  0.166667 -0.035458 -0.015601 -0.014801  0.163835  -0.0055  -0.0001  -0.0355   0.0013  -0.0297  -0.0241
20            calmar_k1       6 -0.066012 -0.980742  0.333333 -0.028962 -0.011002 -0.007308  0.135297  -0.0053  -0.0290  -0.0277   0.0015  -0.0093   0.0037
0             sharpe_k1       6 -0.132515 -1.001754  0.500000 -0.126325 -0.022086 -0.016868  0.282466   0.0227   0.0461  -0.0412   0.0045  -0.0382  -0.1263
16           sortino_k1       6 -0.123267 -1.235704  0.333333 -0.075043 -0.020545 -0.016090  0.225686   0.0227  -0.0163  -0.0750   0.0040  -0.0159  -0.0428
39      score_k10_daily       6 -0.110388 -1.427595  0.333333 -0.123253 -0.018398 -0.015743  0.169411  -0.0178   0.0387  -0.1233  -0.0414   0.0470  -0.0137
34  sharpe_k10_intraday       6 -0.125406 -1.458043  0.333333 -0.082590 -0.020901 -0.038876  0.159541   0.0275  -0.0156  -0.0737   0.0811  -0.0826  -0.0621
1             sharpe_k5       6 -0.177868 -1.493395  0.000000 -0.077465 -0.029645 -0.023219  0.253042  -0.0119  -0.0015  -0.0270  -0.0775  -0.0194  -0.0406
43      score_k10_trend       6 -0.118113 -1.580905  0.333333 -0.089409 -0.019685 -0.013467  0.197234   0.0091  -0.0394  -0.0894  -0.0235  -0.0034   0.0285
13             floor_k5       6 -0.205547 -1.695164  0.000000 -0.093187 -0.034258 -0.022659  0.274910  -0.0044  -0.0088  -0.0181  -0.0932  -0.0273  -0.0539
42         score_k10_eq       6 -0.143383 -1.942720  0.166667 -0.039924 -0.023897 -0.027724  0.174524  -0.0309  -0.0186  -0.0399  -0.0254  -0.0301   0.0015
10              pmr_k10       6 -0.253705 -2.025086  0.166667 -0.090847 -0.042284 -0.034746  0.367664  -0.0164   0.0050  -0.0820  -0.0359  -0.0336  -0.0908
29       sharpe_k10_fut       6 -0.202802 -2.028800  0.166667 -0.153015 -0.033800 -0.018427  0.253416  -0.0013  -0.0128  -0.1530   0.0458  -0.0574  -0.0241
45        score_k10_vol       6 -0.173983 -2.076920  0.333333 -0.105110 -0.028997 -0.019989  0.234311   0.0030  -0.0214  -0.1051  -0.0410  -0.0186   0.0091
19          sortino_k20       6 -0.197453 -2.095011  0.000000 -0.058838 -0.032909 -0.030821  0.267214  -0.0010  -0.0245  -0.0563  -0.0588  -0.0372  -0.0196
9                pmr_k5       6 -0.266545 -2.125916  0.000000 -0.106143 -0.044424 -0.035583  0.396749  -0.0119  -0.0015  -0.0270  -0.0442  -0.0758  -0.1061
37        score_k10_lb3       6 -0.284141 -2.156366  0.333333 -0.339137 -0.047357 -0.015717  0.408840  -0.0103  -0.0211  -0.3391   0.0894  -0.0612   0.0582
38      score_k10_pmr08       6 -0.194592 -2.174087  0.000000 -0.090607 -0.032432 -0.023112  0.275598  -0.0103  -0.0433  -0.0906  -0.0238  -0.0041  -0.0224
4              score_k1       6 -0.193788 -2.293213  0.333333 -0.091725 -0.032298 -0.036460  0.256259   0.0070  -0.0385  -0.0534  -0.0917   0.0172  -0.0344
12             floor_k1       6 -0.252496 -2.392636  0.000000 -0.073917 -0.042083 -0.036686  0.253495  -0.0739  -0.0163  -0.0405  -0.0631  -0.0258  -0.0328
6             score_k10       6 -0.207424 -2.416326  0.000000 -0.090607 -0.034571 -0.029527  0.264379  -0.0103  -0.0433  -0.0906  -0.0238  -0.0041  -0.0353
21            calmar_k5       6 -0.222904 -2.550192  0.166667 -0.113072 -0.037151 -0.034952  0.301424  -0.0011  -0.0387  -0.1131  -0.1130   0.0742  -0.0312
14            floor_k10       6 -0.282050 -2.614940  0.000000 -0.125667 -0.047008 -0.040026  0.344485  -0.0331  -0.0220  -0.0521  -0.1257  -0.0469  -0.0023
2            sharpe_k10       6 -0.250729 -2.635447  0.166667 -0.092845 -0.041788 -0.045037  0.286124  -0.0164   0.0050  -0.0928  -0.0565  -0.0341  -0.0560
26     sharpe_k10_pmr08       6 -0.261420 -2.707293  0.166667 -0.092845 -0.043570 -0.040674  0.313602  -0.0164   0.0050  -0.0928  -0.0759  -0.0315  -0.0499
40        score_k10_h60       6 -0.252636 -2.740356  0.166667 -0.124576 -0.042106 -0.040663  0.336331   0.0241  -0.0429  -0.1246  -0.0575  -0.0134  -0.0384
5              score_k5       6 -0.219360 -2.962339  0.000000 -0.076422 -0.036560 -0.033448  0.276268  -0.0020  -0.0624  -0.0764  -0.0223  -0.0116  -0.0446
28       sharpe_k10_h60       6 -0.284834 -2.987817  0.166667 -0.159054 -0.047472 -0.026812  0.303270  -0.0335  -0.0201  -0.1591  -0.0086   0.0011  -0.0646
3            sharpe_k20       6 -0.258146 -3.128131  0.166667 -0.092806 -0.043024 -0.037770  0.281266  -0.0319  -0.0436  -0.0928  -0.0605  -0.0305   0.0012
44         score_k10_mr       6 -0.280992 -3.223693  0.166667 -0.129780 -0.046832 -0.042365  0.336543  -0.0048   0.0092  -0.1298  -0.0531  -0.0316  -0.0709
11              pmr_k20       6 -0.332775 -3.240125  0.000000 -0.094553 -0.055462 -0.052134  0.404919  -0.0240  -0.0502  -0.0946  -0.0688  -0.0411  -0.0541
35       sharpe_k30_c05       6 -0.304694 -3.295804  0.166667 -0.151971 -0.050782 -0.042026  0.345095  -0.0441  -0.0263  -0.1520  -0.0474  -0.0400   0.0051
30        sharpe_k10_eq       6 -0.289917 -3.431383  0.000000 -0.095564 -0.048320 -0.039866  0.332466  -0.0956  -0.0291  -0.0061  -0.0794  -0.0436  -0.0361
22           calmar_k10       6 -0.393655 -3.484801  0.166667 -0.224961 -0.065609 -0.058513  0.459227  -0.0144  -0.0559  -0.2250  -0.0611   0.0573  -0.0946
15            floor_k20       6 -0.326656 -3.624845  0.166667 -0.114108 -0.054443 -0.057213  0.389621  -0.0377  -0.0363  -0.0767  -0.1141  -0.0780   0.0162
41        score_k10_fut       6 -0.359861 -3.684545  0.000000 -0.187762 -0.059977 -0.039649  0.446952  -0.0049  -0.0438  -0.1878  -0.0750  -0.0130  -0.0355
32        sharpe_k10_mr       6 -0.384132 -3.731430  0.000000 -0.122146 -0.064022 -0.060025  0.395407  -0.0532  -0.0394  -0.0775  -0.0669  -0.0250  -0.1221
7             score_k20       6 -0.356113 -3.773470  0.000000 -0.196874 -0.059352 -0.036123  0.427086  -0.0090  -0.0455  -0.1969  -0.0361  -0.0325  -0.0361
47        score_k30_c05       6 -0.448052 -4.095084  0.000000 -0.157915 -0.074675 -0.064806  0.525914  -0.0171  -0.0570  -0.1579  -0.0865  -0.0591  -0.0705
23           calmar_k20       6 -0.475229 -4.653123  0.166667 -0.214758 -0.079205 -0.075593  0.514982  -0.0152  -0.0495  -0.2148  -0.1066   0.0125  -0.1017
